mode: set
wiz-tui/internal/tui/views/control_panel.go:13.104,20.16 5 1
wiz-tui/internal/tui/views/control_panel.go:20.16,22.3 1 1
wiz-tui/internal/tui/views/control_panel.go:22.8,24.17 2 1
wiz-tui/internal/tui/views/control_panel.go:24.17,26.4 1 0
wiz-tui/internal/tui/views/control_panel.go:28.3,30.20 3 1
wiz-tui/internal/tui/views/control_panel.go:30.20,32.4 1 0
wiz-tui/internal/tui/views/control_panel.go:33.3,38.25 3 1
wiz-tui/internal/tui/views/control_panel.go:38.25,43.4 4 1
wiz-tui/internal/tui/views/control_panel.go:46.3,55.22 8 1
wiz-tui/internal/tui/views/control_panel.go:55.22,67.4 9 1
wiz-tui/internal/tui/views/control_panel.go:67.9,67.26 1 1
wiz-tui/internal/tui/views/control_panel.go:67.26,78.4 8 1
wiz-tui/internal/tui/views/control_panel.go:78.9,82.4 3 1
wiz-tui/internal/tui/views/control_panel.go:85.2,86.15 2 1
wiz-tui/internal/tui/views/control_panel.go:86.15,88.3 1 1
wiz-tui/internal/tui/views/control_panel.go:90.2,93.22 1 1
wiz-tui/internal/tui/views/device_list.go:12.108,22.23 7 1
wiz-tui/internal/tui/views/device_list.go:22.23,24.3 1 1
wiz-tui/internal/tui/views/device_list.go:24.8,28.36 3 1
wiz-tui/internal/tui/views/device_list.go:28.36,30.4 1 0
wiz-tui/internal/tui/views/device_list.go:31.3,31.74 1 1
wiz-tui/internal/tui/views/device_list.go:31.74,33.4 1 0
wiz-tui/internal/tui/views/device_list.go:34.3,34.17 1 1
wiz-tui/internal/tui/views/device_list.go:34.17,36.4 1 0
wiz-tui/internal/tui/views/device_list.go:38.3,43.36 4 1
wiz-tui/internal/tui/views/device_list.go:43.36,49.18 5 1
wiz-tui/internal/tui/views/device_list.go:49.18,51.5 1 0
wiz-tui/internal/tui/views/device_list.go:52.4,52.19 1 1
wiz-tui/internal/tui/views/device_list.go:52.19,54.5 1 1
wiz-tui/internal/tui/views/device_list.go:56.4,57.20 2 1
wiz-tui/internal/tui/views/device_list.go:57.20,59.5 1 1
wiz-tui/internal/tui/views/device_list.go:61.4,62.41 2 1
wiz-tui/internal/tui/views/device_list.go:62.41,64.5 1 1
wiz-tui/internal/tui/views/device_list.go:66.4,69.16 3 1
wiz-tui/internal/tui/views/device_list.go:69.16,71.5 1 1
wiz-tui/internal/tui/views/device_list.go:71.10,71.23 1 1
wiz-tui/internal/tui/views/device_list.go:71.23,73.5 1 0
wiz-tui/internal/tui/views/device_list.go:73.10,75.5 1 1
wiz-tui/internal/tui/views/device_list.go:77.4,79.62 3 1
wiz-tui/internal/tui/views/device_list.go:79.62,81.5 1 0
wiz-tui/internal/tui/views/device_list.go:83.4,87.34 4 1
wiz-tui/internal/tui/views/device_list.go:91.2,92.15 2 1
wiz-tui/internal/tui/views/device_list.go:92.15,94.3 1 1
wiz-tui/internal/tui/views/device_list.go:96.2,99.22 1 1
wiz-tui/internal/tui/views/help_overlay.go:10.50,63.31 4 1
wiz-tui/internal/tui/views/help_overlay.go:63.31,65.30 2 1
wiz-tui/internal/tui/views/help_overlay.go:65.30,69.4 3 1
wiz-tui/internal/tui/views/help_overlay.go:70.3,70.23 1 1
wiz-tui/internal/tui/views/help_overlay.go:73.2,78.22 2 1
wiz-tui/internal/tui/views/help_overlay.go:81.43,82.23 1 1
wiz-tui/internal/tui/views/help_overlay.go:82.23,84.3 1 1
wiz-tui/internal/tui/views/help_overlay.go:85.2,85.50 1 1
wiz-tui/internal/tui/views/scene_picker.go:12.137,16.23 3 1
wiz-tui/internal/tui/views/scene_picker.go:16.23,18.3 1 1
wiz-tui/internal/tui/views/scene_picker.go:20.2,26.22 5 1
wiz-tui/internal/tui/views/scene_picker.go:26.22,28.3 1 1
wiz-tui/internal/tui/views/scene_picker.go:28.8,36.34 3 1
wiz-tui/internal/tui/views/scene_picker.go:36.34,38.4 1 0
wiz-tui/internal/tui/views/scene_picker.go:39.3,39.70 1 1
wiz-tui/internal/tui/views/scene_picker.go:39.70,41.4 1 0
wiz-tui/internal/tui/views/scene_picker.go:42.3,42.17 1 1
wiz-tui/internal/tui/views/scene_picker.go:42.17,44.4 1 0
wiz-tui/internal/tui/views/scene_picker.go:46.3,51.36 4 1
wiz-tui/internal/tui/views/scene_picker.go:51.36,57.17 5 1
wiz-tui/internal/tui/views/scene_picker.go:57.17,59.5 1 1
wiz-tui/internal/tui/views/scene_picker.go:60.4,63.38 3 1
wiz-tui/internal/tui/views/scene_picker.go:63.38,65.5 1 1
wiz-tui/internal/tui/views/scene_picker.go:67.4,73.23 5 1
wiz-tui/internal/tui/views/scene_picker.go:73.23,75.5 1 1
wiz-tui/internal/tui/views/scene_picker.go:77.4,79.16 2 1
wiz-tui/internal/tui/views/scene_picker.go:79.16,82.5 2 1
wiz-tui/internal/tui/views/scene_picker.go:82.10,84.5 1 1
wiz-tui/internal/tui/views/scene_picker.go:86.4,88.62 3 1
wiz-tui/internal/tui/views/scene_picker.go:88.62,90.5 1 1
wiz-tui/internal/tui/views/scene_picker.go:92.4,96.34 4 1
wiz-tui/internal/tui/views/scene_picker.go:100.2,101.15 2 1
wiz-tui/internal/tui/views/scene_picker.go:101.15,103.3 1 1
wiz-tui/internal/tui/views/scene_picker.go:105.2,108.22 1 1
wiz-tui/internal/tui/views/scrollbar.go:11.77,12.47 1 1
wiz-tui/internal/tui/views/scrollbar.go:12.47,14.3 1 1
wiz-tui/internal/tui/views/scrollbar.go:17.2,21.20 3 1
wiz-tui/internal/tui/views/scrollbar.go:21.20,23.3 1 0
wiz-tui/internal/tui/views/scrollbar.go:26.2,28.37 3 1
wiz-tui/internal/tui/views/scrollbar.go:28.37,30.3 1 1
wiz-tui/internal/tui/views/scrollbar.go:32.2,36.30 4 1
wiz-tui/internal/tui/views/scrollbar.go:36.30,37.46 1 1
wiz-tui/internal/tui/views/scrollbar.go:37.46,39.4 1 1
wiz-tui/internal/tui/views/scrollbar.go:39.9,41.4 1 1
wiz-tui/internal/tui/views/scrollbar.go:43.2,43.14 1 1
wiz-tui/internal/tui/views/scrollbar.go:47.74,49.15 2 1
wiz-tui/internal/tui/views/scrollbar.go:49.15,51.3 1 1
wiz-tui/internal/tui/views/scrollbar.go:51.8,53.3 1 1
wiz-tui/internal/tui/views/scrollbar.go:55.2,56.15 2 1
wiz-tui/internal/tui/views/scrollbar.go:56.15,58.3 1 1
wiz-tui/internal/tui/views/scrollbar.go:60.2,64.19 4 1
wiz-tui/internal/tui/views/scrollbar.go:64.19,66.16 2 1
wiz-tui/internal/tui/views/scrollbar.go:66.16,68.4 1 1
wiz-tui/internal/tui/views/scrollbar.go:69.3,70.36 2 1
wiz-tui/internal/tui/views/scrollbar.go:72.2,72.22 1 1
wiz-tui/internal/tui/views/status_bar.go:12.155,16.23 3 1
wiz-tui/internal/tui/views/status_bar.go:16.23,18.3 1 0
wiz-tui/internal/tui/views/status_bar.go:18.8,18.29 1 1
wiz-tui/internal/tui/views/status_bar.go:18.29,20.3 1 1
wiz-tui/internal/tui/views/status_bar.go:21.2,24.23 3 1
wiz-tui/internal/tui/views/status_bar.go:24.23,26.3 1 1
wiz-tui/internal/tui/views/status_bar.go:26.8,26.29 1 1
wiz-tui/internal/tui/views/status_bar.go:26.29,28.3 1 1
wiz-tui/internal/tui/views/status_bar.go:28.8,28.29 1 1
wiz-tui/internal/tui/views/status_bar.go:28.29,30.3 1 0
wiz-tui/internal/tui/views/status_bar.go:30.8,30.28 1 1
wiz-tui/internal/tui/views/status_bar.go:30.28,32.3 1 1
wiz-tui/internal/tui/views/status_bar.go:32.8,34.3 1 0
wiz-tui/internal/tui/views/status_bar.go:36.2,40.20 4 1
wiz-tui/internal/tui/views/status_bar.go:40.20,42.3 1 0
wiz-tui/internal/tui/views/status_bar.go:44.2,51.14 4 1
wiz-tui/internal/wiz/client.go:23.56,25.40 2 1
wiz-tui/internal/wiz/client.go:25.40,27.3 1 1
wiz-tui/internal/wiz/client.go:28.2,28.31 1 1
wiz-tui/internal/wiz/client.go:31.91,32.14 1 1
wiz-tui/internal/wiz/client.go:32.14,34.3 1 1
wiz-tui/internal/wiz/client.go:36.2,37.16 2 1
wiz-tui/internal/wiz/client.go:37.16,39.3 1 0
wiz-tui/internal/wiz/client.go:41.2,42.16 2 1
wiz-tui/internal/wiz/client.go:42.16,44.3 1 0
wiz-tui/internal/wiz/client.go:46.2,47.16 2 1
wiz-tui/internal/wiz/client.go:47.16,49.3 1 0
wiz-tui/internal/wiz/client.go:50.2,53.16 3 1
wiz-tui/internal/wiz/client.go:53.16,55.3 1 0
wiz-tui/internal/wiz/client.go:57.2,59.40 3 1
wiz-tui/internal/wiz/client.go:59.40,61.20 2 1
wiz-tui/internal/wiz/client.go:61.20,63.4 1 1
wiz-tui/internal/wiz/client.go:66.2,68.54 2 1
wiz-tui/internal/wiz/client.go:68.54,69.10 1 1
wiz-tui/internal/wiz/client.go:70.21,71.20 1 0
wiz-tui/internal/wiz/client.go:72.11,72.11 0 1
wiz-tui/internal/wiz/client.go:75.3,77.17 3 1
wiz-tui/internal/wiz/client.go:77.17,78.12 1 0
wiz-tui/internal/wiz/client.go:81.3,82.21 2 1
wiz-tui/internal/wiz/client.go:82.21,84.12 1 1
wiz-tui/internal/wiz/client.go:87.3,88.22 2 1
wiz-tui/internal/wiz/client.go:88.22,89.12 1 0
wiz-tui/internal/wiz/client.go:92.3,92.24 1 1
wiz-tui/internal/wiz/client.go:92.24,94.4 1 0
wiz-tui/internal/wiz/client.go:97.3,97.13 1 1
wiz-tui/internal/wiz/client.go:100.2,100.94 1 1
wiz-tui/internal/wiz/client.go:103.110,108.25 4 1
wiz-tui/internal/wiz/client.go:108.25,110.28 2 1
wiz-tui/internal/wiz/client.go:110.28,116.4 5 1
wiz-tui/internal/wiz/client.go:119.2,120.16 2 1
wiz-tui/internal/wiz/client.go:123.84,124.14 1 1
wiz-tui/internal/wiz/client.go:124.14,126.3 1 1
wiz-tui/internal/wiz/client.go:128.2,129.16 2 1
wiz-tui/internal/wiz/client.go:129.16,131.3 1 0
wiz-tui/internal/wiz/client.go:133.2,134.16 2 1
wiz-tui/internal/wiz/client.go:134.16,136.3 1 0
wiz-tui/internal/wiz/client.go:138.2,139.16 2 1
wiz-tui/internal/wiz/client.go:139.16,141.3 1 0
wiz-tui/internal/wiz/client.go:142.2,145.16 3 1
wiz-tui/internal/wiz/client.go:145.16,147.3 1 0
wiz-tui/internal/wiz/client.go:149.2,150.40 2 1
wiz-tui/internal/wiz/client.go:150.40,152.3 1 1
wiz-tui/internal/wiz/client.go:153.2,156.16 3 1
wiz-tui/internal/wiz/client.go:156.16,158.3 1 0
wiz-tui/internal/wiz/client.go:160.2,162.16 3 1
wiz-tui/internal/wiz/client.go:162.16,164.3 1 0
wiz-tui/internal/wiz/client.go:166.2,167.16 2 1
wiz-tui/internal/wiz/client.go:167.16,169.3 1 0
wiz-tui/internal/wiz/client.go:171.2,171.26 1 1
wiz-tui/internal/wiz/client_mock.go:17.34,31.2 4 1
wiz-tui/internal/wiz/client_mock.go:33.92,38.18 4 1
wiz-tui/internal/wiz/client_mock.go:38.18,40.3 1 0
wiz-tui/internal/wiz/client_mock.go:42.2,45.12 3 1
wiz-tui/internal/wiz/client_mock.go:45.12,48.3 2 1
wiz-tui/internal/wiz/client_mock.go:50.2,50.25 1 1
wiz-tui/internal/wiz/client_mock.go:50.25,52.3 1 1
wiz-tui/internal/wiz/client_mock.go:53.2,53.27 1 1
wiz-tui/internal/wiz/client_mock.go:53.27,55.3 1 1
wiz-tui/internal/wiz/client_mock.go:56.2,56.21 1 1
wiz-tui/internal/wiz/client_mock.go:56.21,58.3 1 0
wiz-tui/internal/wiz/client_mock.go:59.2,59.21 1 1
wiz-tui/internal/wiz/client_mock.go:59.21,61.3 1 0
wiz-tui/internal/wiz/client_mock.go:62.2,62.21 1 1
wiz-tui/internal/wiz/client_mock.go:62.21,64.3 1 0
wiz-tui/internal/wiz/client_mock.go:65.2,65.24 1 1
wiz-tui/internal/wiz/client_mock.go:65.24,67.3 1 0
wiz-tui/internal/wiz/client_mock.go:68.2,68.27 1 1
wiz-tui/internal/wiz/client_mock.go:68.27,70.3 1 0
wiz-tui/internal/wiz/client_mock.go:71.2,71.25 1 1
wiz-tui/internal/wiz/client_mock.go:71.25,73.3 1 0
wiz-tui/internal/wiz/client_mock.go:75.2,75.12 1 1
wiz-tui/internal/wiz/client_mock.go:78.111,80.25 2 1
wiz-tui/internal/wiz/client_mock.go:80.25,82.3 1 1
wiz-tui/internal/wiz/client_mock.go:83.2,83.16 1 1
wiz-tui/internal/wiz/client_mock.go:86.85,90.18 3 1
wiz-tui/internal/wiz/client_mock.go:90.18,92.3 1 0
wiz-tui/internal/wiz/client_mock.go:94.2,95.12 2 1
wiz-tui/internal/wiz/client_mock.go:95.12,99.3 3 0
wiz-tui/internal/wiz/client_mock.go:100.2,100.20 1 1
wiz-tui/internal/wiz/device.go:28.35,30.22 2 1
wiz-tui/internal/wiz/device.go:30.22,32.3 1 1
wiz-tui/internal/wiz/device.go:33.2,45.3 1 1
wiz-tui/internal/wiz/device.go:49.49,53.20 3 1
wiz-tui/internal/wiz/device.go:53.20,55.3 1 1
wiz-tui/internal/wiz/device.go:56.2,56.22 1 1
wiz-tui/internal/wiz/device.go:56.22,58.3 1 1
wiz-tui/internal/wiz/device.go:59.2,59.44 1 1
wiz-tui/internal/wiz/device.go:59.44,61.3 1 1
wiz-tui/internal/wiz/device.go:62.2,62.19 1 1
wiz-tui/internal/wiz/device.go:62.19,64.3 1 1
wiz-tui/internal/wiz/device.go:65.2,65.22 1 1
wiz-tui/internal/wiz/device.go:65.22,67.3 1 1
wiz-tui/internal/wiz/device.go:68.2,68.20 1 1
wiz-tui/internal/wiz/device.go:68.20,70.3 1 0
wiz-tui/internal/wiz/device.go:71.2,71.19 1 1
wiz-tui/internal/wiz/device.go:71.19,73.3 1 1
wiz-tui/internal/wiz/device.go:74.2,74.17 1 1
wiz-tui/internal/wiz/device.go:74.17,76.3 1 0
wiz-tui/internal/wiz/device.go:87.42,95.2 4 1
wiz-tui/internal/wiz/device.go:97.51,101.49 3 1
wiz-tui/internal/wiz/device.go:101.49,104.20 3 0
wiz-tui/internal/wiz/device.go:104.20,106.4 1 0
wiz-tui/internal/wiz/device.go:107.8,110.3 2 1
wiz-tui/internal/wiz/device.go:112.2,112.26 1 1
wiz-tui/internal/wiz/device.go:112.26,114.3 1 1
wiz-tui/internal/wiz/device.go:117.57,122.2 4 0
wiz-tui/internal/wiz/device.go:124.54,127.26 3 1
wiz-tui/internal/wiz/device.go:127.26,129.3 1 0
wiz-tui/internal/wiz/device.go:130.2,131.19 2 1
wiz-tui/internal/wiz/device.go:134.52,137.38 3 1
wiz-tui/internal/wiz/device.go:137.38,140.3 2 1
wiz-tui/internal/wiz/device.go:141.2,141.14 1 0
wiz-tui/internal/wiz/device.go:144.43,149.29 4 1
wiz-tui/internal/wiz/device.go:149.29,150.41 1 1
wiz-tui/internal/wiz/device.go:150.41,152.4 1 1
wiz-tui/internal/wiz/device.go:154.2,154.15 1 1
wiz-tui/internal/wiz/device.go:157.58,162.29 4 1
wiz-tui/internal/wiz/device.go:162.29,163.57 1 1
wiz-tui/internal/wiz/device.go:163.57,165.4 1 1
wiz-tui/internal/wiz/device.go:167.2,167.23 1 1
wiz-tui/internal/wiz/device.go:167.23,169.3 1 1
wiz-tui/internal/wiz/device.go:171.2,171.55 1 1
wiz-tui/internal/wiz/device.go:171.55,173.3 1 1
wiz-tui/internal/wiz/device.go:174.2,174.12 1 0
wiz-tui/internal/wiz/device.go:177.53,181.40 3 1
wiz-tui/internal/wiz/device.go:181.40,183.3 1 1
wiz-tui/internal/wiz/device.go:186.44,190.32 3 1
wiz-tui/internal/wiz/device.go:190.32,192.3 1 1
wiz-tui/internal/wiz/device.go:195.38,199.32 3 1
wiz-tui/internal/wiz/device.go:199.32,201.3 1 1
wiz-tui/internal/wiz/discovery.go:12.87,16.16 3 1
wiz-tui/internal/wiz/discovery.go:16.16,18.3 1 0
wiz-tui/internal/wiz/discovery.go:19.2,20.16 2 1
wiz-tui/internal/wiz/discovery.go:20.16,22.3 1 0
wiz-tui/internal/wiz/discovery.go:23.2,26.16 3 1
wiz-tui/internal/wiz/discovery.go:26.16,28.3 1 0
wiz-tui/internal/wiz/discovery.go:30.2,32.16 3 1
wiz-tui/internal/wiz/discovery.go:32.16,34.3 1 0
wiz-tui/internal/wiz/discovery.go:36.2,41.6 4 1
wiz-tui/internal/wiz/discovery.go:41.6,42.10 1 1
wiz-tui/internal/wiz/discovery.go:43.21,44.9 1 1
wiz-tui/internal/wiz/discovery.go:45.11,45.11 0 0
wiz-tui/internal/wiz/discovery.go:48.3,49.17 2 1
wiz-tui/internal/wiz/discovery.go:49.17,51.9 1 1
wiz-tui/internal/wiz/discovery.go:53.3,53.37 1 0
wiz-tui/internal/wiz/discovery.go:56.2,57.27 2 1
wiz-tui/internal/wiz/discovery.go:57.27,59.3 1 0
wiz-tui/internal/wiz/discovery.go:61.2,61.19 1 1
wiz-tui/internal/wiz/discovery.go:61.19,63.3 1 1
wiz-tui/internal/wiz/discovery.go:65.2,65.17 1 0
wiz-tui/internal/wiz/discovery.go:69.37,71.16 2 1
wiz-tui/internal/wiz/discovery.go:71.16,73.3 1 0
wiz-tui/internal/wiz/discovery.go:74.2,77.9 3 1
wiz-tui/internal/wiz/discovery.go:77.9,79.3 1 0
wiz-tui/internal/wiz/discovery.go:81.2,82.23 2 1
wiz-tui/internal/wiz/discovery.go:82.23,84.3 1 0
wiz-tui/internal/wiz/discovery.go:85.2,86.35 2 1
wiz-tui/internal/wiz/protocol.go:62.45,65.2 2 1
wiz-tui/internal/wiz/protocol.go:67.46,68.16 1 1
wiz-tui/internal/wiz/protocol.go:68.16,70.3 1 1
wiz-tui/internal/wiz/protocol.go:71.2,71.17 1 1
wiz-tui/internal/wiz/protocol.go:71.17,73.3 1 1
wiz-tui/internal/wiz/protocol.go:74.2,74.37 1 1
wiz-tui/internal/wiz/protocol.go:77.44,88.2 5 1
wiz-tui/internal/wiz/protocol.go:90.42,98.2 3 1
wiz-tui/internal/wiz/protocol.go:100.60,101.54 1 1
wiz-tui/internal/wiz/protocol.go:101.54,103.3 1 0
wiz-tui/internal/wiz/protocol.go:104.2,109.36 3 1
wiz-tui/internal/wiz/protocol.go:109.36,112.3 2 1
wiz-tui/internal/wiz/protocol.go:113.2,113.15 1 1
wiz-tui/internal/wiz/protocol.go:116.63,122.2 2 1
wiz-tui/internal/wiz/protocol.go:124.45,130.2 2 1
wiz-tui/internal/wiz/protocol.go:132.52,138.2 2 1
wiz-tui/internal/wiz/protocol.go:140.58,143.16 3 1
wiz-tui/internal/wiz/protocol.go:143.16,145.3 1 0
wiz-tui/internal/wiz/protocol.go:146.2,146.19 1 1
wiz-tui/internal/wiz/protocol.go:149.35,150.15 1 1
wiz-tui/internal/wiz/protocol.go:150.15,152.3 1 1
wiz-tui/internal/wiz/protocol.go:153.2,153.15 1 1
wiz-tui/internal/wiz/protocol.go:153.15,155.3 1 1
wiz-tui/internal/wiz/protocol.go:156.2,156.12 1 1
wiz-tui/internal/wiz/scenes.go:14.49,15.24 1 0
wiz-tui/internal/wiz/scenes.go:15.24,17.3 1 0
wiz-tui/internal/wiz/scenes.go:18.2,18.22 1 0
wiz-tui/internal/wiz/scenes.go:64.33,65.30 1 1
wiz-tui/internal/wiz/scenes.go:65.30,66.17 1 1
wiz-tui/internal/wiz/scenes.go:66.17,68.4 1 1
wiz-tui/internal/wiz/scenes.go:70.2,70.21 1 1
wiz-tui/internal/wiz/scenes.go:74.48,76.30 2 1
wiz-tui/internal/wiz/scenes.go:76.30,77.39 1 1
wiz-tui/internal/wiz/scenes.go:77.39,79.4 1 1
wiz-tui/internal/wiz/scenes.go:82.2,82.30 1 1
wiz-tui/internal/wiz/scenes.go:82.30,83.56 1 1
wiz-tui/internal/wiz/scenes.go:83.56,85.4 1 1
wiz-tui/internal/wiz/scenes.go:87.2,87.23 1 0
wiz-tui/internal/wiz/scenes.go:91.41,92.36 1 1
wiz-tui/internal/wiz/scenes.go:92.36,94.3 1 1
wiz-tui/internal/wiz/scenes.go:95.2,97.30 3 1
wiz-tui/internal/wiz/scenes.go:97.30,100.56 1 1
wiz-tui/internal/wiz/scenes.go:100.56,102.4 1 1
wiz-tui/internal/wiz/scenes.go:104.2,104.16 1 1
wiz-tui/main.go:13.13,20.16 5 0
wiz-tui/main.go:20.16,23.3 2 0
wiz-tui/main.go:25.2,26.15 2 0
wiz-tui/main.go:26.15,28.3 1 0
wiz-tui/main.go:28.8,30.3 1 0
wiz-tui/main.go:32.2,35.35 3 0
wiz-tui/main.go:35.35,38.3 2 0
wiz-tui/internal/tui/keybindings.go:17.31,18.11 1 1
wiz-tui/internal/tui/keybindings.go:19.18,20.18 1 1
wiz-tui/internal/tui/keybindings.go:21.18,22.18 1 0
wiz-tui/internal/tui/keybindings.go:23.19,24.19 1 0
wiz-tui/internal/tui/keybindings.go:25.18,26.18 1 0
wiz-tui/internal/tui/keybindings.go:27.16,28.16 1 0
wiz-tui/internal/tui/keybindings.go:29.10,30.19 1 0
wiz-tui/internal/tui/keybindings.go:42.29,44.2 1 1
wiz-tui/internal/tui/keybindings.go:46.29,47.12 1 1
wiz-tui/internal/tui/keybindings.go:47.12,49.3 1 1
wiz-tui/internal/tui/keybindings.go:50.2,50.14 1 0
wiz-tui/internal/tui/keybindings.go:53.32,54.11 1 1
wiz-tui/internal/tui/keybindings.go:55.20,56.20 1 1
wiz-tui/internal/tui/keybindings.go:57.20,58.23 1 1
wiz-tui/internal/tui/keybindings.go:59.19,60.21 1 1
wiz-tui/internal/tui/keybindings.go:61.10,62.19 1 0
wiz-tui/internal/tui/model.go:35.58,37.52 2 1
wiz-tui/internal/tui/model.go:37.52,40.3 2 0
wiz-tui/internal/tui/model.go:42.2,52.3 1 1
wiz-tui/internal/tui/model.go:70.29,71.57 1 0
wiz-tui/internal/tui/model.go:71.57,73.3 1 0
wiz-tui/internal/tui/model.go:76.33,77.59 1 0
wiz-tui/internal/tui/model.go:77.59,79.3 1 0
wiz-tui/internal/tui/model.go:82.28,83.66 1 0
wiz-tui/internal/tui/model.go:83.66,85.3 1 0
wiz-tui/internal/tui/model.go:88.31,90.2 1 0
wiz-tui/internal/tui/model.go:92.41,93.24 1 1
wiz-tui/internal/tui/model.go:93.24,98.3 4 0
wiz-tui/internal/tui/model.go:101.43,103.29 2 0
wiz-tui/internal/tui/model.go:103.29,105.3 1 0
wiz-tui/internal/tui/model.go:106.2,109.24 3 0
wiz-tui/internal/tui/model.go:109.24,114.3 4 0
wiz-tui/internal/tui/model.go:117.65,119.23 2 1
wiz-tui/internal/tui/model.go:119.23,121.3 1 0
wiz-tui/internal/tui/model.go:123.2,124.30 2 1
wiz-tui/internal/tui/model.go:124.30,143.3 9 1
wiz-tui/internal/tui/model.go:145.2,146.24 2 1
wiz-tui/internal/tui/model.go:146.24,151.28 4 1
wiz-tui/internal/tui/model.go:151.28,152.18 1 1
wiz-tui/internal/tui/model.go:152.18,154.5 1 1
wiz-tui/internal/tui/model.go:156.3,156.64 1 1
wiz-tui/internal/tui/model.go:160.57,163.27 2 1
wiz-tui/internal/tui/model.go:164.25,166.24 2 1
wiz-tui/internal/tui/model.go:168.19,170.37 2 0
wiz-tui/internal/tui/model.go:172.20,173.27 1 0
wiz-tui/internal/tui/model.go:173.27,175.29 2 0
wiz-tui/internal/tui/model.go:175.29,179.5 3 0
wiz-tui/internal/tui/model.go:181.3,181.73 1 0
wiz-tui/internal/tui/model.go:181.73,183.4 1 0
wiz-tui/internal/tui/model.go:184.3,184.38 1 0
wiz-tui/internal/tui/model.go:186.24,187.64 1 0
wiz-tui/internal/tui/model.go:189.28,190.50 1 1
wiz-tui/internal/tui/model.go:190.50,191.42 1 1
wiz-tui/internal/tui/model.go:191.42,194.5 2 1
wiz-tui/internal/tui/model.go:194.10,196.5 1 0
wiz-tui/internal/tui/model.go:199.23,201.26 2 0
wiz-tui/internal/tui/model.go:201.26,204.4 2 0
wiz-tui/internal/tui/model.go:205.3,206.128 2 0
wiz-tui/internal/tui/model.go:208.26,209.21 1 1
wiz-tui/internal/tui/model.go:209.21,211.31 2 1
wiz-tui/internal/tui/model.go:211.31,212.48 1 1
wiz-tui/internal/tui/model.go:212.48,214.6 1 1
wiz-tui/internal/tui/model.go:216.9,218.31 2 1
wiz-tui/internal/tui/model.go:218.31,219.48 1 1
wiz-tui/internal/tui/model.go:219.48,222.6 2 1
wiz-tui/internal/tui/model.go:226.18,229.19 2 1
wiz-tui/internal/tui/model.go:229.19,230.75 1 1
wiz-tui/internal/tui/model.go:230.75,234.5 3 0
wiz-tui/internal/tui/model.go:235.4,235.28 1 1
wiz-tui/internal/tui/model.go:235.28,239.5 3 1
wiz-tui/internal/tui/model.go:242.3,242.17 1 1
wiz-tui/internal/tui/model.go:243.20,244.34 1 1
wiz-tui/internal/tui/model.go:246.19,247.33 1 1
wiz-tui/internal/tui/model.go:249.17,250.48 1 1
wiz-tui/internal/tui/model.go:250.48,252.5 1 1
wiz-tui/internal/tui/model.go:253.4,253.17 1 1
wiz-tui/internal/tui/model.go:255.31,256.41 1 1
wiz-tui/internal/tui/model.go:260.2,260.30 1 1
wiz-tui/internal/tui/model.go:263.73,264.53 1 1
wiz-tui/internal/tui/model.go:264.53,269.3 4 1
wiz-tui/internal/tui/model.go:271.2,271.13 1 1
wiz-tui/internal/tui/model.go:272.21,273.21 1 0
wiz-tui/internal/tui/model.go:275.11,277.16 2 0
wiz-tui/internal/tui/model.go:279.15,280.24 1 1
wiz-tui/internal/tui/model.go:281.20,283.57 2 1
wiz-tui/internal/tui/model.go:283.57,287.5 3 1
wiz-tui/internal/tui/model.go:288.21,290.60 2 1
wiz-tui/internal/tui/model.go:290.60,294.5 3 1
wiz-tui/internal/tui/model.go:295.21,297.10 2 1
wiz-tui/internal/tui/model.go:297.10,299.5 1 1
wiz-tui/internal/tui/model.go:301.3,301.16 1 1
wiz-tui/internal/tui/model.go:303.11,306.16 3 1
wiz-tui/internal/tui/model.go:308.11,311.16 3 1
wiz-tui/internal/tui/model.go:313.11,314.27 1 1
wiz-tui/internal/tui/model.go:314.27,316.4 1 0
wiz-tui/internal/tui/model.go:316.9,318.4 1 1
wiz-tui/internal/tui/model.go:319.3,319.16 1 1
wiz-tui/internal/tui/model.go:321.13,323.16 2 1
wiz-tui/internal/tui/model.go:325.19,327.16 2 1
wiz-tui/internal/tui/model.go:329.19,330.26 1 1
wiz-tui/internal/tui/model.go:332.17,333.24 1 1
wiz-tui/internal/tui/model.go:335.14,336.36 1 1
wiz-tui/internal/tui/model.go:336.36,338.4 1 0
wiz-tui/internal/tui/model.go:338.9,338.42 1 1
wiz-tui/internal/tui/model.go:338.42,340.4 1 1
wiz-tui/internal/tui/model.go:341.3,341.16 1 1
wiz-tui/internal/tui/model.go:343.18,345.56 2 1
wiz-tui/internal/tui/model.go:345.56,348.4 2 0
wiz-tui/internal/tui/model.go:348.9,348.42 1 1
wiz-tui/internal/tui/model.go:348.42,350.23 2 1
wiz-tui/internal/tui/model.go:350.23,352.5 1 1
wiz-tui/internal/tui/model.go:354.3,354.16 1 1
wiz-tui/internal/tui/model.go:356.20,357.27 1 1
wiz-tui/internal/tui/model.go:357.27,359.60 2 1
wiz-tui/internal/tui/model.go:359.60,361.5 1 1
wiz-tui/internal/tui/model.go:362.4,362.17 1 1
wiz-tui/internal/tui/model.go:364.3,365.9 2 1
wiz-tui/internal/tui/model.go:365.9,367.4 1 1
wiz-tui/internal/tui/model.go:368.3,368.57 1 0
wiz-tui/internal/tui/model.go:370.16,371.58 1 1
wiz-tui/internal/tui/model.go:373.30,375.9 2 1
wiz-tui/internal/tui/model.go:375.9,378.4 2 1
wiz-tui/internal/tui/model.go:380.24,382.9 2 0
wiz-tui/internal/tui/model.go:382.9,385.4 2 0
wiz-tui/internal/tui/model.go:387.11,390.16 3 1
wiz-tui/internal/tui/model.go:392.11,394.31 2 0
wiz-tui/internal/tui/model.go:394.31,397.4 2 0
wiz-tui/internal/tui/model.go:399.11,401.31 2 1
wiz-tui/internal/tui/model.go:401.31,404.4 2 1
wiz-tui/internal/tui/model.go:406.11,407.27 1 0
wiz-tui/internal/tui/model.go:407.27,409.4 1 0
wiz-tui/internal/tui/model.go:410.3,410.16 1 0
wiz-tui/internal/tui/model.go:412.11,414.31 2 1
wiz-tui/internal/tui/model.go:416.11,418.9 2 1
wiz-tui/internal/tui/model.go:418.9,420.22 2 1
wiz-tui/internal/tui/model.go:420.22,424.5 3 1
wiz-tui/internal/tui/model.go:425.4,425.42 1 0
wiz-tui/internal/tui/model.go:429.2,429.15 1 0
wiz-tui/internal/tui/model.go:432.48,433.35 1 1
wiz-tui/internal/tui/model.go:433.35,435.23 2 1
wiz-tui/internal/tui/model.go:435.23,438.4 2 1
wiz-tui/internal/tui/model.go:439.8,439.41 1 1
wiz-tui/internal/tui/model.go:439.41,441.22 2 1
wiz-tui/internal/tui/model.go:441.22,443.4 1 1
wiz-tui/internal/tui/model.go:444.8,444.42 1 1
wiz-tui/internal/tui/model.go:444.42,446.9 2 1
wiz-tui/internal/tui/model.go:446.9,449.4 2 1
wiz-tui/internal/tui/model.go:451.2,451.15 1 1
wiz-tui/internal/tui/model.go:454.46,455.35 1 1
wiz-tui/internal/tui/model.go:455.35,457.23 2 1
wiz-tui/internal/tui/model.go:457.23,459.26 2 1
wiz-tui/internal/tui/model.go:459.26,461.5 1 0
wiz-tui/internal/tui/model.go:462.4,462.52 1 1
wiz-tui/internal/tui/model.go:464.8,464.41 1 1
wiz-tui/internal/tui/model.go:464.41,466.22 2 1
wiz-tui/internal/tui/model.go:466.22,468.25 2 1
wiz-tui/internal/tui/model.go:468.25,470.5 1 0
wiz-tui/internal/tui/model.go:472.8,472.42 1 0
wiz-tui/internal/tui/model.go:472.42,474.9 2 0
wiz-tui/internal/tui/model.go:474.9,477.4 2 0
wiz-tui/internal/tui/model.go:479.2,479.15 1 1
wiz-tui/internal/tui/model.go:482.62,483.13 1 1
wiz-tui/internal/tui/model.go:484.15,489.19 4 1
wiz-tui/internal/tui/model.go:489.19,491.4 1 0
wiz-tui/internal/tui/model.go:493.3,496.15 3 1
wiz-tui/internal/tui/model.go:497.28,498.22 1 0
wiz-tui/internal/tui/model.go:500.20,502.17 2 1
wiz-tui/internal/tui/model.go:504.13,506.58 2 1
wiz-tui/internal/tui/model.go:508.14,510.59 2 1
wiz-tui/internal/tui/model.go:512.16,513.22 1 0
wiz-tui/internal/tui/model.go:513.22,515.51 2 0
wiz-tui/internal/tui/model.go:515.51,517.6 1 0
wiz-tui/internal/tui/model.go:517.11,517.60 1 0
wiz-tui/internal/tui/model.go:517.60,519.6 1 0
wiz-tui/internal/tui/model.go:521.4,522.10 2 0
wiz-tui/internal/tui/model.go:522.10,524.5 1 0
wiz-tui/internal/tui/model.go:525.4,525.58 1 0
wiz-tui/internal/tui/model.go:527.15,529.32 2 0
wiz-tui/internal/tui/model.go:531.16,532.22 1 1
wiz-tui/internal/tui/model.go:532.22,534.49 2 1
wiz-tui/internal/tui/model.go:534.49,538.6 3 0
wiz-tui/internal/tui/model.go:538.11,538.62 1 1
wiz-tui/internal/tui/model.go:538.62,541.6 2 1
wiz-tui/internal/tui/model.go:541.11,543.6 1 0
wiz-tui/internal/tui/model.go:546.14,547.22 1 1
wiz-tui/internal/tui/model.go:547.22,548.55 1 1
wiz-tui/internal/tui/model.go:548.55,551.6 2 1
wiz-tui/internal/tui/model.go:554.15,555.22 1 1
wiz-tui/internal/tui/model.go:555.22,556.56 1 1
wiz-tui/internal/tui/model.go:556.56,559.6 2 1
wiz-tui/internal/tui/model.go:562.14,563.23 1 1
wiz-tui/internal/tui/model.go:563.23,569.5 5 1
wiz-tui/internal/tui/model.go:571.16,572.22 1 1
wiz-tui/internal/tui/model.go:572.22,573.56 1 1
wiz-tui/internal/tui/model.go:573.56,576.6 2 1
wiz-tui/internal/tui/model.go:579.11,580.67 1 1
wiz-tui/internal/tui/model.go:583.3,583.16 1 1
wiz-tui/internal/tui/model.go:585.19,586.31 1 1
wiz-tui/internal/tui/model.go:586.31,588.4 1 1
wiz-tui/internal/tui/model.go:589.3,589.16 1 1
wiz-tui/internal/tui/model.go:591.10,592.20 1 1
wiz-tui/internal/tui/model.go:592.20,594.4 1 1
wiz-tui/internal/tui/model.go:595.3,595.16 1 1
wiz-tui/internal/tui/model.go:599.61,600.13 1 1
wiz-tui/internal/tui/model.go:601.15,605.16 4 1
wiz-tui/internal/tui/model.go:607.13,610.16 3 0
wiz-tui/internal/tui/model.go:612.19,613.29 1 0
wiz-tui/internal/tui/model.go:613.29,615.4 1 0
wiz-tui/internal/tui/model.go:616.3,617.16 2 0
wiz-tui/internal/tui/model.go:619.10,620.20 1 1
wiz-tui/internal/tui/model.go:620.20,622.4 1 1
wiz-tui/internal/tui/model.go:623.3,624.16 2 1
wiz-tui/internal/tui/model.go:628.36,630.22 2 1
wiz-tui/internal/tui/model.go:630.22,632.3 1 0
wiz-tui/internal/tui/model.go:632.8,632.41 1 1
wiz-tui/internal/tui/model.go:632.41,634.3 1 0
wiz-tui/internal/tui/model.go:637.30,638.24 1 1
wiz-tui/internal/tui/model.go:638.24,640.3 1 0
wiz-tui/internal/tui/model.go:642.2,644.22 3 1
wiz-tui/internal/tui/model.go:644.22,646.3 1 1
wiz-tui/internal/tui/model.go:648.2,649.40 2 1
wiz-tui/internal/tui/model.go:649.40,650.19 1 1
wiz-tui/internal/tui/model.go:650.19,652.4 1 0
wiz-tui/internal/tui/model.go:655.2,671.35 4 1
wiz-tui/internal/tui/model.go:671.35,673.24 2 1
wiz-tui/internal/tui/model.go:674.21,675.97 1 1
wiz-tui/internal/tui/model.go:676.21,677.100 1 0
wiz-tui/internal/tui/model.go:678.20,679.128 1 0
wiz-tui/internal/tui/model.go:681.3,681.79 1 1
wiz-tui/internal/tui/model.go:685.2,702.72 11 1
wiz-tui/internal/tui/model.go:705.46,708.2 2 1
wiz-tui/internal/tui/model.go:710.35,711.15 1 1
wiz-tui/internal/tui/model.go:711.15,713.3 1 0
wiz-tui/internal/tui/model.go:714.2,714.15 1 1
wiz-tui/internal/tui/model.go:714.15,716.3 1 1
wiz-tui/internal/tui/model.go:717.2,717.12 1 1
wiz-tui/internal/tui/notification.go:12.57,13.24 1 0
wiz-tui/internal/tui/notification.go:13.24,17.20 4 0
wiz-tui/internal/tui/notification.go:17.20,19.4 1 0
wiz-tui/internal/tui/notification.go:20.3,21.13 2 0
